123.233.116.122 - - [21/Apr/2017:17:00:57 +0800] "GET /index.php/index/index/index HTTP/1.1" 404 5553 "-" "Mozilla/5.0 (Windows NT 10.0; Win64; x64) AppleWebKit/537.36 (KHTML, like Gecko) Chrome/57.0.2987.133 Safari/537.36"
123.233.116.122 - - [21/Apr/2017:17:01:17 +0800] "GET / HTTP/1.1" 404 5654 "-" "Mozilla/5.0 (Linux; U; Android 7.0; zh-CN; FRD-AL00 Build/HUAWEIFRD-AL00) AppleWebKit/537.36 (KHTML, like Gecko) Version/4.0 Chrome/40.0.2214.89 UCBrowser/11.4.9.941 Mobile Safari/537.36"
123.233.116.122 - - [21/Apr/2017:17:01:18 +0800] "GET / HTTP/1.1" 404 5657 "-" "Mozilla/5.0 (Linux; U; Android 7.0; zh-CN; FRD-AL00 Build/HUAWEIFRD-AL00) AppleWebKit/537.36 (KHTML, like Gecko) Version/4.0 Chrome/40.0.2214.89 UCBrowser/11.4.9.941 Mobile Safari/537.36"
123.233.116.122 - - [21/Apr/2017:17:02:25 +0800] "GET /index.php/admin/index/index HTTP/1.1" 404 5532 "-" "Mozilla/5.0 (Windows NT 10.0; Win64; x64) AppleWebKit/537.36 (KHTML, like Gecko) Chrome/57.0.2987.133 Safari/537.36"
123.233.116.122 - - [21/Apr/2017:17:02:34 +0800] "GET /admin/index/index HTTP/1.1" 404 5529 "-" "Mozilla/5.0 (Windows NT 10.0; Win64; x64) AppleWebKit/537.36 (KHTML, like Gecko) Chrome/57.0.2987.133 Safari/537.36"
123.233.116.122 - - [21/Apr/2017:17:03:55 +0800] "GET / HTTP/1.1" 404 5658 "-" "Mozilla/5.0 (Linux; U; Android 7.0; zh-CN; FRD-AL00 Build/HUAWEIFRD-AL00) AppleWebKit/537.36 (KHTML, like Gecko) Version/4.0 Chrome/40.0.2214.89 UCBrowser/11.4.9.941 Mobile Safari/537.36"
123.233.116.122 - - [21/Apr/2017:17:03:57 +0800] "GET / HTTP/1.1" 404 5668 "-" "Mozilla/5.0 (Linux; U; Android 7.0; zh-CN; FRD-AL00 Build/HUAWEIFRD-AL00) AppleWebKit/537.36 (KHTML, like Gecko) Version/4.0 Chrome/40.0.2214.89 UCBrowser/11.4.9.941 Mobile Safari/537.36"
123.233.116.122 - - [21/Apr/2017:17:04:11 +0800] "GET /admin/index/index HTTP/1.1" 404 5467 "-" "Mozilla/5.0 (Windows NT 10.0; Win64; x64) AppleWebKit/537.36 (KHTML, like Gecko) Chrome/57.0.2987.133 Safari/537.36"
123.233.116.122 - - [21/Apr/2017:17:06:13 +0800] "GET /admin/index/index HTTP/1.1" 500 53956 "-" "Mozilla/5.0 (Windows NT 10.0; Win64; x64) AppleWebKit/537.36 (KHTML, like Gecko) Chrome/57.0.2987.133 Safari/537.36"
123.233.116.122 - - [21/Apr/2017:17:12:53 +0800] "GET /admin/index/index HTTP/1.1" 500 54490 "-" "Mozilla/5.0 (Windows NT 10.0; Win64; x64) AppleWebKit/537.36 (KHTML, like Gecko) Chrome/57.0.2987.133 Safari/537.36"
123.233.116.122 - - [21/Apr/2017:17:13:28 +0800] "GET /admin/index/index HTTP/1.1" 404 5554 "-" "Mozilla/5.0 (Windows NT 10.0; Win64; x64) AppleWebKit/537.36 (KHTML, like Gecko) Chrome/57.0.2987.133 Safari/537.36"
123.233.116.122 - - [21/Apr/2017:17:13:48 +0800] "GET /admin/index/index HTTP/1.1" 200 224 "-" "Mozilla/5.0 (Windows NT 10.0; Win64; x64) AppleWebKit/537.36 (KHTML, like Gecko) Chrome/57.0.2987.133 Safari/537.36"
123.233.116.122 - - [21/Apr/2017:17:14:13 +0800] "GET /admin/index/index HTTP/1.1" 404 5555 "-" "Mozilla/5.0 (Windows NT 10.0; Win64; x64) AppleWebKit/537.36 (KHTML, like Gecko) Chrome/57.0.2987.133 Safari/537.36"
123.57.117.74 - - [21/Apr/2017:17:15:17 +0800] "GET / HTTP/1.1" 404 33094 "-" "Mozilla/5.0 (Windows NT 10.0; Win64; x64) AppleWebKit/537.36 (KHTML, like Gecko) Chrome/57.0.2987.133 Safari/537.36"
123.57.117.70 - - [21/Apr/2017:17:16:02 +0800] "GET /index.php/admin/index/index HTTP/1.1" 404 32593 "-" "Mozilla/5.0 (Windows NT 10.0; Win64; x64) AppleWebKit/537.36 (KHTML, like Gecko) Chrome/57.0.2987.133 Safari/537.36"
123.57.117.70 - - [21/Apr/2017:17:16:12 +0800] "GET /index.php/admin/index/index HTTP/1.1" 404 32874 "-" "Mozilla/5.0 (Windows NT 10.0; Win64; x64) AppleWebKit/537.36 (KHTML, like Gecko) Chrome/57.0.2987.133 Safari/537.36"
123.57.117.79 - - [21/Apr/2017:17:19:32 +0800] "GET /index.php HTTP/1.1" 200 55 "-" "Mozilla/5.0 (Windows NT 10.0; Win64; x64) AppleWebKit/537.36 (KHTML, like Gecko) Chrome/57.0.2987.133 Safari/537.36"
123.57.117.79 - - [21/Apr/2017:17:21:12 +0800] "GET /index.php HTTP/1.1" 500 56001 "-" "Mozilla/5.0 (Windows NT 10.0; Win64; x64) AppleWebKit/537.36 (KHTML, like Gecko) Chrome/57.0.2987.133 Safari/537.36"
123.57.117.79 - - [21/Apr/2017:17:22:19 +0800] "GET /index.php HTTP/1.1" 500 183346 "-" "Mozilla/5.0 (Windows NT 10.0; Win64; x64) AppleWebKit/537.36 (KHTML, like Gecko) Chrome/57.0.2987.133 Safari/537.36"
123.57.117.79 - - [21/Apr/2017:17:23:04 +0800] "GET /index.php HTTP/1.1" 200 38439 "-" "Mozilla/5.0 (Windows NT 10.0; Win64; x64) AppleWebKit/537.36 (KHTML, like Gecko) Chrome/57.0.2987.133 Safari/537.36"
123.57.117.76 - - [21/Apr/2017:17:23:04 +0800] "GET /index.php/admin/index/main.html HTTP/1.1" 200 28488 "http://www.hhqblog.com/index.php" "Mozilla/5.0 (Windows NT 10.0; Win64; x64) AppleWebKit/537.36 (KHTML, like Gecko) Chrome/57.0.2987.133 Safari/537.36"
123.57.117.66 - - [21/Apr/2017:17:23:20 +0800] "GET /admin/member/group.html HTTP/1.1" 404 53483 "http://www.hhqblog.com/index.php" "Mozilla/5.0 (Windows NT 10.0; Win64; x64) AppleWebKit/537.36 (KHTML, like Gecko) Chrome/57.0.2987.133 Safari/537.36"
123.57.117.79 - - [21/Apr/2017:17:23:53 +0800] "GET /index.php HTTP/1.1" 200 38162 "-" "Mozilla/5.0 (Windows NT 10.0; Win64; x64) AppleWebKit/537.36 (KHTML, like Gecko) Chrome/57.0.2987.133 Safari/537.36"
123.57.117.76 - - [21/Apr/2017:17:23:53 +0800] "GET /index.php/admin/index/main.html HTTP/1.1" 200 28278 "http://www.hhqblog.com/index.php" "Mozilla/5.0 (Windows NT 10.0; Win64; x64) AppleWebKit/537.36 (KHTML, like Gecko) Chrome/57.0.2987.133 Safari/537.36"
123.57.117.73 - - [21/Apr/2017:17:23:58 +0800] "GET /static/admin/css/bootstrap.min.css.map HTTP/1.1" 404 52388 "-" "Mozilla/5.0 (Windows NT 10.0; Win64; x64) AppleWebKit/537.36 (KHTML, like Gecko) Chrome/57.0.2987.133 Safari/537.36"
123.57.117.79 - - [21/Apr/2017:17:25:17 +0800] "GET /index.php HTTP/1.1" 200 228 "-" "Mozilla/5.0 (Windows NT 10.0; Win64; x64) AppleWebKit/537.36 (KHTML, like Gecko) Chrome/57.0.2987.133 Safari/537.36"
123.57.117.79 - - [21/Apr/2017:17:25:29 +0800] "GET /index.php HTTP/1.1" 200 228 "-" "Mozilla/5.0 (Windows NT 10.0; Win64; x64) AppleWebKit/537.36 (KHTML, like Gecko) Chrome/57.0.2987.133 Safari/537.36"
123.57.117.79 - - [21/Apr/2017:17:25:34 +0800] "GET /index.php HTTP/1.1" 200 228 "-" "Mozilla/5.0 (Windows NT 10.0; Win64; x64) AppleWebKit/537.36 (KHTML, like Gecko) Chrome/57.0.2987.133 Safari/537.36"
123.57.117.79 - - [21/Apr/2017:17:26:26 +0800] "GET /index.php HTTP/1.1" 200 36352 "-" "Mozilla/5.0 (Windows NT 10.0; Win64; x64) AppleWebKit/537.36 (KHTML, like Gecko) Chrome/57.0.2987.133 Safari/537.36"
123.57.117.76 - - [21/Apr/2017:17:26:26 +0800] "GET /index.php/admin/index/main.html HTTP/1.1" 200 26336 "http://www.hhqblog.com/index.php" "Mozilla/5.0 (Windows NT 10.0; Win64; x64) AppleWebKit/537.36 (KHTML, like Gecko) Chrome/57.0.2987.133 Safari/537.36"
123.57.117.73 - - [21/Apr/2017:17:26:26 +0800] "GET /static/admin/css/bootstrap.min.css.map HTTP/1.1" 404 25472 "-" "Mozilla/5.0 (Windows NT 10.0; Win64; x64) AppleWebKit/537.36 (KHTML, like Gecko) Chrome/57.0.2987.133 Safari/537.36"
123.57.117.73 - - [21/Apr/2017:17:26:39 +0800] "GET /static/admin/css/bootstrap.min.css.map HTTP/1.1" 404 25472 "-" "Mozilla/5.0 (Windows NT 10.0; Win64; x64) AppleWebKit/537.36 (KHTML, like Gecko) Chrome/57.0.2987.133 Safari/537.36"
123.57.117.79 - - [21/Apr/2017:17:27:02 +0800] "GET /index.php HTTP/1.1" 200 36352 "-" "Mozilla/5.0 (Windows NT 10.0; Win64; x64) AppleWebKit/537.36 (KHTML, like Gecko) Chrome/57.0.2987.133 Safari/537.36"
123.57.117.76 - - [21/Apr/2017:17:27:03 +0800] "GET /index.php/admin/index/main.html HTTP/1.1" 200 26336 "http://www.hhqblog.com/index.php" "Mozilla/5.0 (Windows NT 10.0; Win64; x64) AppleWebKit/537.36 (KHTML, like Gecko) Chrome/57.0.2987.133 Safari/537.36"
123.57.117.73 - - [21/Apr/2017:17:27:03 +0800] "GET /static/admin/css/bootstrap.min.css.map HTTP/1.1" 404 25472 "-" "Mozilla/5.0 (Windows NT 10.0; Win64; x64) AppleWebKit/537.36 (KHTML, like Gecko) Chrome/57.0.2987.133 Safari/537.36"
123.57.117.79 - - [21/Apr/2017:17:27:48 +0800] "GET /index.php HTTP/1.1" 200 36352 "-" "Mozilla/5.0 (Windows NT 10.0; Win64; x64) AppleWebKit/537.36 (KHTML, like Gecko) Chrome/57.0.2987.133 Safari/537.36"
123.57.117.76 - - [21/Apr/2017:17:27:48 +0800] "GET /index.php/admin/index/main.html HTTP/1.1" 200 26336 "http://www.hhqblog.com/index.php" "Mozilla/5.0 (Windows NT 10.0; Win64; x64) AppleWebKit/537.36 (KHTML, like Gecko) Chrome/57.0.2987.133 Safari/537.36"
123.57.117.73 - - [21/Apr/2017:17:27:48 +0800] "GET /static/admin/css/bootstrap.min.css.map HTTP/1.1" 404 25472 "-" "Mozilla/5.0 (Windows NT 10.0; Win64; x64) AppleWebKit/537.36 (KHTML, like Gecko) Chrome/57.0.2987.133 Safari/537.36"
123.57.117.79 - - [21/Apr/2017:17:28:12 +0800] "GET /index.php HTTP/1.1" 200 17231 "-" "Mozilla/5.0 (Windows NT 10.0; Win64; x64) AppleWebKit/537.36 (KHTML, like Gecko) Chrome/57.0.2987.133 Safari/537.36"
123.57.117.76 - - [21/Apr/2017:17:28:13 +0800] "GET /index.php/admin/index/main.html HTTP/1.1" 200 7333 "http://www.hhqblog.com/index.php" "Mozilla/5.0 (Windows NT 10.0; Win64; x64) AppleWebKit/537.36 (KHTML, like Gecko) Chrome/57.0.2987.133 Safari/537.36"
123.57.117.73 - - [21/Apr/2017:17:28:13 +0800] "GET /static/admin/css/bootstrap.min.css.map HTTP/1.1" 404 7346 "-" "Mozilla/5.0 (Windows NT 10.0; Win64; x64) AppleWebKit/537.36 (KHTML, like Gecko) Chrome/57.0.2987.133 Safari/537.36"
123.57.117.79 - - [21/Apr/2017:17:33:37 +0800] "GET /index.php HTTP/1.1" 200 17231 "-" "Mozilla/5.0 (Windows NT 10.0; Win64; x64) AppleWebKit/537.36 (KHTML, like Gecko) Chrome/57.0.2987.133 Safari/537.36"
123.57.117.76 - - [21/Apr/2017:17:33:37 +0800] "GET /index.php/admin/index/main.html HTTP/1.1" 200 7301 "http://www.hhqblog.com/index.php" "Mozilla/5.0 (Windows NT 10.0; Win64; x64) AppleWebKit/537.36 (KHTML, like Gecko) Chrome/57.0.2987.133 Safari/537.36"
123.57.117.73 - - [21/Apr/2017:17:33:37 +0800] "GET /static/admin/css/bootstrap.min.css.map HTTP/1.1" 404 7346 "-" "Mozilla/5.0 (Windows NT 10.0; Win64; x64) AppleWebKit/537.36 (KHTML, like Gecko) Chrome/57.0.2987.133 Safari/537.36"
123.57.117.66 - - [21/Apr/2017:17:34:32 +0800] "GET /index.php/admin/article/index.html HTTP/1.1" 500 7346 "http://www.hhqblog.com/index.php" "Mozilla/5.0 (Windows NT 10.0; Win64; x64) AppleWebKit/537.36 (KHTML, like Gecko) Chrome/57.0.2987.133 Safari/537.36"
123.57.117.79 - - [21/Apr/2017:17:34:41 +0800] "GET /index.php/admin/category/index.html HTTP/1.1" 500 7346 "http://www.hhqblog.com/index.php" "Mozilla/5.0 (Windows NT 10.0; Win64; x64) AppleWebKit/537.36 (KHTML, like Gecko) Chrome/57.0.2987.133 Safari/537.36"
123.57.117.74 - - [21/Apr/2017:17:34:47 +0800] "GET / HTTP/1.1" 200 17161 "-" "Mozilla/5.0 (Windows NT 10.0; Win64; x64) AppleWebKit/537.36 (KHTML, like Gecko) Chrome/57.0.2987.133 Safari/537.36"
123.57.117.79 - - [21/Apr/2017:17:34:47 +0800] "GET /admin/index/main.html HTTP/1.1" 200 7301 "http://www.hhqblog.com/" "Mozilla/5.0 (Windows NT 10.0; Win64; x64) AppleWebKit/537.36 (KHTML, like Gecko) Chrome/57.0.2987.133 Safari/537.36"
42.112.149.255 - - [21/Apr/2017:17:35:06 +0800] "GET / HTTP/1.0" 200 17148 "-" "-"
118.178.228.154 - - [21/Apr/2017:18:23:51 +0800] "GET / HTTP/1.1" 200 17161 "-" "-"
140.205.253.138 - - [21/Apr/2017:19:23:06 +0800] "GET / HTTP/1.1" 200 17161 "-" "Opera/9.80 (Macintosh; Intel Mac OS X 10.6.8; U; fr) Presto/2.9.168 Version/11.52"
187.67.129.102 - - [21/Apr/2017:19:33:59 +0800] "GET /hndUnblock.cgi HTTP/1.0" 404 7333 "-" "Wget(linux)"
187.67.129.102 - - [21/Apr/2017:19:34:01 +0800] "GET /tmUnblock.cgi HTTP/1.0" 404 7333 "-" "Wget(linux)"
187.67.129.102 - - [21/Apr/2017:19:34:03 +0800] "POST /cgi?2 HTTP/1.0" 404 7333 "-" "Wget(linux)"
187.67.129.102 - - [21/Apr/2017:19:34:03 +0800] "GET / HTTP/1.0" 200 17148 "-" "Wget(linux)"
123.57.117.71 - - [21/Apr/2017:20:39:50 +0800] "GET /robots.txt HTTP/1.1" 200 24 "-" "Mozilla/5.0 (compatible; Googlebot/2.1; +http://www.google.com/bot.html)"
123.57.117.74 - - [21/Apr/2017:20:40:01 +0800] "GET / HTTP/1.1" 200 17161 "-" "Mozilla/5.0 (compatible; Googlebot/2.1; +http://www.google.com/bot.html)"
183.129.238.194 - - [21/Apr/2017:22:46:26 +0800] "GET / HTTP/1.0" 200 17148 "-" "-"
123.57.117.74 - - [21/Apr/2017:23:28:44 +0800] "GET / HTTP/1.1" 500 39867 "-" "Mozilla/5.0 (Windows NT 10.0; Win64; x64) AppleWebKit/537.36 (KHTML, like Gecko) Chrome/57.0.2987.98 Safari/537.36"
123.57.117.74 - - [21/Apr/2017:23:33:13 +0800] "GET / HTTP/1.1" 500 40138 "-" "Mozilla/5.0 (Windows NT 10.0; Win64; x64) AppleWebKit/537.36 (KHTML, like Gecko) Chrome/57.0.2987.98 Safari/537.36"
123.57.117.74 - - [21/Apr/2017:23:35:53 +0800] "GET / HTTP/1.1" 500 39343 "-" "Mozilla/5.0 (Windows NT 10.0; Win64; x64) AppleWebKit/537.36 (KHTML, like Gecko) Chrome/57.0.2987.98 Safari/537.36"
123.57.117.74 - - [21/Apr/2017:23:37:50 +0800] "GET / HTTP/1.1" 500 43254 "-" "Mozilla/5.0 (Windows NT 10.0; Win64; x64) AppleWebKit/537.36 (KHTML, like Gecko) Chrome/57.0.2987.98 Safari/537.36"
123.57.117.74 - - [21/Apr/2017:23:43:34 +0800] "GET / HTTP/1.1" 200 47876 "-" "Mozilla/5.0 (Windows NT 10.0; Win64; x64) AppleWebKit/537.36 (KHTML, like Gecko) Chrome/57.0.2987.98 Safari/537.36"
123.57.117.73 - - [21/Apr/2017:23:43:36 +0800] "GET /static/fonts/fontawesome-webfont.woff2?v=4.7.0 HTTP/1.1" 200 77160 "http://www.hhqblog.com/static/css/font-awesome.min.css" "Mozilla/5.0 (Windows NT 10.0; Win64; x64) AppleWebKit/537.36 (KHTML, like Gecko) Chrome/57.0.2987.98 Safari/537.36"
123.57.117.77 - - [21/Apr/2017:23:43:37 +0800] "GET /index/index/index.html?page=1 HTTP/1.1" 200 4353 "http://www.hhqblog.com/" "Mozilla/5.0 (Windows NT 10.0; Win64; x64) AppleWebKit/537.36 (KHTML, like Gecko) Chrome/57.0.2987.98 Safari/537.36"
123.57.117.72 - - [21/Apr/2017:23:44:21 +0800] "GET /admin/index HTTP/1.1" 500 36188 "-" "Mozilla/5.0 (Windows NT 10.0; Win64; x64) AppleWebKit/537.36 (KHTML, like Gecko) Chrome/57.0.2987.98 Safari/537.36"
123.57.117.72 - - [21/Apr/2017:23:46:38 +0800] "GET /admin/index HTTP/1.1" 200 17477 "-" "Mozilla/5.0 (Windows NT 10.0; Win64; x64) AppleWebKit/537.36 (KHTML, like Gecko) Chrome/57.0.2987.98 Safari/537.36"
123.57.117.79 - - [21/Apr/2017:23:46:39 +0800] "GET /admin/index/main.html HTTP/1.1" 200 7450 "http://www.hhqblog.com/admin/index" "Mozilla/5.0 (Windows NT 10.0; Win64; x64) AppleWebKit/537.36 (KHTML, like Gecko) Chrome/57.0.2987.98 Safari/537.36"
123.57.117.66 - - [21/Apr/2017:23:46:51 +0800] "GET /admin/article/index.html HTTP/1.1" 200 10343 "http://www.hhqblog.com/admin/index" "Mozilla/5.0 (Windows NT 10.0; Win64; x64) AppleWebKit/537.36 (KHTML, like Gecko) Chrome/57.0.2987.98 Safari/537.36"
123.57.117.74 - - [21/Apr/2017:23:46:52 +0800] "GET /admin/article/index.html?page=1&keyword= HTTP/1.1" 200 8064 "http://www.hhqblog.com/admin/article/index.html" "Mozilla/5.0 (Windows NT 10.0; Win64; x64) AppleWebKit/537.36 (KHTML, like Gecko) Chrome/57.0.2987.98 Safari/537.36"
123.57.117.74 - - [21/Apr/2017:23:47:28 +0800] "GET / HTTP/1.1" 200 47876 "-" "Mozilla/5.0 (Windows NT 10.0; Win64; x64) AppleWebKit/537.36 (KHTML, like Gecko) Chrome/57.0.2987.98 Safari/537.36"
123.57.117.73 - - [21/Apr/2017:23:47:33 +0800] "GET /static/fonts/fontawesome-webfont.woff2?v=4.7.0 HTTP/1.1" 304 0 "http://www.hhqblog.com/static/css/font-awesome.min.css" "Mozilla/5.0 (Windows NT 10.0; Win64; x64) AppleWebKit/537.36 (KHTML, like Gecko) Chrome/57.0.2987.98 Safari/537.36"
123.57.117.77 - - [21/Apr/2017:23:47:34 +0800] "GET /index/index/index.html?page=1 HTTP/1.1" 200 4353 "http://www.hhqblog.com/" "Mozilla/5.0 (Windows NT 10.0; Win64; x64) AppleWebKit/537.36 (KHTML, like Gecko) Chrome/57.0.2987.98 Safari/537.36"
123.57.117.74 - - [21/Apr/2017:23:51:42 +0800] "GET / HTTP/1.1" 200 47876 "-" "Mozilla/5.0 (Windows NT 10.0; Win64; x64) AppleWebKit/537.36 (KHTML, like Gecko) Chrome/57.0.2987.98 Safari/537.36"
123.57.117.73 - - [21/Apr/2017:23:51:43 +0800] "GET /static/fonts/fontawesome-webfont.woff2?v=4.7.0 HTTP/1.1" 304 0 "http://www.hhqblog.com/static/css/font-awesome.min.css" "Mozilla/5.0 (Windows NT 10.0; Win64; x64) AppleWebKit/537.36 (KHTML, like Gecko) Chrome/57.0.2987.98 Safari/537.36"
123.57.117.77 - - [21/Apr/2017:23:51:43 +0800] "GET /index/index/index.html?page=1 HTTP/1.1" 200 4353 "http://www.hhqblog.com/" "Mozilla/5.0 (Windows NT 10.0; Win64; x64) AppleWebKit/537.36 (KHTML, like Gecko) Chrome/57.0.2987.98 Safari/537.36"
123.57.117.74 - - [21/Apr/2017:23:51:50 +0800] "GET / HTTP/1.1" 200 47876 "-" "Mozilla/5.0 (Windows NT 10.0; Win64; x64) AppleWebKit/537.36 (KHTML, like Gecko) Chrome/57.0.2987.98 Safari/537.36"
123.57.117.77 - - [21/Apr/2017:23:51:52 +0800] "GET /index/index/index.html?page=1 HTTP/1.1" 200 4353 "http://www.hhqblog.com/" "Mozilla/5.0 (Windows NT 10.0; Win64; x64) AppleWebKit/537.36 (KHTML, like Gecko) Chrome/57.0.2987.98 Safari/537.36"
123.57.117.84 - - [21/Apr/2017:23:52:02 +0800] "GET /index/index/index.html?page=2 HTTP/1.1" 200 3724 "http://www.hhqblog.com/" "Mozilla/5.0 (Windows NT 10.0; Win64; x64) AppleWebKit/537.36 (KHTML, like Gecko) Chrome/57.0.2987.98 Safari/537.36"
123.57.117.77 - - [21/Apr/2017:23:52:05 +0800] "GET /index/index/index.html?page=1 HTTP/1.1" 200 4353 "http://www.hhqblog.com/" "Mozilla/5.0 (Windows NT 10.0; Win64; x64) AppleWebKit/537.36 (KHTML, like Gecko) Chrome/57.0.2987.98 Safari/537.36"
123.57.117.84 - - [21/Apr/2017:23:52:07 +0800] "GET /index/index/index.html?page=2 HTTP/1.1" 200 3724 "http://www.hhqblog.com/" "Mozilla/5.0 (Windows NT 10.0; Win64; x64) AppleWebKit/537.36 (KHTML, like Gecko) Chrome/57.0.2987.98 Safari/537.36"
123.57.117.72 - - [21/Apr/2017:23:58:51 +0800] "GET /admin/index HTTP/1.1" 200 17477 "-" "Mozilla/5.0 (Windows NT 10.0; Win64; x64) AppleWebKit/537.36 (KHTML, like Gecko) Chrome/57.0.2987.98 Safari/537.36"
123.57.117.79 - - [21/Apr/2017:23:58:52 +0800] "GET /admin/index/main.html HTTP/1.1" 200 7450 "http://www.hhqblog.com/admin/index" "Mozilla/5.0 (Windows NT 10.0; Win64; x64) AppleWebKit/537.36 (KHTML, like Gecko) Chrome/57.0.2987.98 Safari/537.36"
123.57.117.66 - - [21/Apr/2017:23:58:57 +0800] "GET /admin/article/index.html HTTP/1.1" 200 10343 "http://www.hhqblog.com/admin/index" "Mozilla/5.0 (Windows NT 10.0; Win64; x64) AppleWebKit/537.36 (KHTML, like Gecko) Chrome/57.0.2987.98 Safari/537.36"
123.57.117.74 - - [21/Apr/2017:23:58:57 +0800] "GET /admin/article/index.html?page=1&keyword= HTTP/1.1" 200 8064 "http://www.hhqblog.com/admin/article/index.html" "Mozilla/5.0 (Windows NT 10.0; Win64; x64) AppleWebKit/537.36 (KHTML, like Gecko) Chrome/57.0.2987.98 Safari/537.36"
123.57.117.69 - - [21/Apr/2017:23:58:59 +0800] "GET /admin/article/edit_article/id/19/html HTTP/1.1" 200 17755 "http://www.hhqblog.com/admin/article/index.html" "Mozilla/5.0 (Windows NT 10.0; Win64; x64) AppleWebKit/537.36 (KHTML, like Gecko) Chrome/57.0.2987.98 Safari/537.36"
123.57.117.67 - - [21/Apr/2017:23:59:08 +0800] "GET /static/admin/ueditor/php/controller.php?action=config&&noCache=1492790348237 HTTP/1.1" 200 2539 "http://www.hhqblog.com/admin/article/edit_article/id/19/html" "Mozilla/5.0 (Windows NT 10.0; Win64; x64) AppleWebKit/537.36 (KHTML, like Gecko) Chrome/57.0.2987.98 Safari/537.36"
123.57.117.82 - - [21/Apr/2017:23:59:10 +0800] "GET /static/admin/ueditor/third-party/zeroclipboard/ZeroClipboard.swf?noCache=1492790350028 HTTP/1.1" 200 3933 "http://www.hhqblog.com/admin/article/edit_article/id/19/html" "Mozilla/5.0 (Windows NT 10.0; Win64; x64) AppleWebKit/537.36 (KHTML, like Gecko) Chrome/57.0.2987.98 Safari/537.36"
123.57.117.65 - - [22/Apr/2017:00:00:00 +0800] "POST /admin/article/edit_article.html HTTP/1.1" 200 42 "http://www.hhqblog.com/admin/article/edit_article/id/19/html" "Mozilla/5.0 (Windows NT 10.0; Win64; x64) AppleWebKit/537.36 (KHTML, like Gecko) Chrome/57.0.2987.98 Safari/537.36"
123.57.117.66 - - [22/Apr/2017:00:00:01 +0800] "GET /admin/article/index.html HTTP/1.1" 200 10343 "http://www.hhqblog.com/admin/article/edit_article/id/19/html" "Mozilla/5.0 (Windows NT 10.0; Win64; x64) AppleWebKit/537.36 (KHTML, like Gecko) Chrome/57.0.2987.98 Safari/537.36"
123.57.117.74 - - [22/Apr/2017:00:00:02 +0800] "GET /admin/article/index.html?page=1&keyword= HTTP/1.1" 200 7493 "http://www.hhqblog.com/admin/article/index.html" "Mozilla/5.0 (Windows NT 10.0; Win64; x64) AppleWebKit/537.36 (KHTML, like Gecko) Chrome/57.0.2987.98 Safari/537.36"
123.57.117.69 - - [22/Apr/2017:00:00:14 +0800] "GET /admin/article/edit_article/id/19/html HTTP/1.1" 200 17155 "http://www.hhqblog.com/admin/article/index.html" "Mozilla/5.0 (Windows NT 10.0; Win64; x64) AppleWebKit/537.36 (KHTML, like Gecko) Chrome/57.0.2987.98 Safari/537.36"
123.57.117.72 - - [22/Apr/2017:00:00:14 +0800] "GET /static/admin/ueditor/php/controller.php?action=config&&noCache=1492790414666 HTTP/1.1" 200 2539 "http://www.hhqblog.com/admin/article/edit_article/id/19/html" "Mozilla/5.0 (Windows NT 10.0; Win64; x64) AppleWebKit/537.36 (KHTML, like Gecko) Chrome/57.0.2987.98 Safari/537.36"
123.57.117.65 - - [22/Apr/2017:00:00:15 +0800] "GET /static/admin/ueditor/third-party/zeroclipboard/ZeroClipboard.swf?noCache=1492790415098 HTTP/1.1" 200 3933 "http://www.hhqblog.com/admin/article/edit_article/id/19/html" "Mozilla/5.0 (Windows NT 10.0; Win64; x64) AppleWebKit/537.36 (KHTML, like Gecko) Chrome/57.0.2987.98 Safari/537.36"
101.226.66.181 - - [22/Apr/2017:00:08:41 +0800] "GET / HTTP/1.1" 200 8886 "-" "Mozilla/5.0 (Windows NT 6.1; WOW64) AppleWebKit/537.36 (KHTML, like Gecko) Chrome/43.0.2357.124 Safari/537.36"
123.57.117.73 - - [22/Apr/2017:00:08:56 +0800] "GET /static/admin/css/bootstrap.min.css.map HTTP/1.1" 404 33976 "-" "Mozilla/5.0 (Windows NT 10.0; Win64; x64) AppleWebKit/537.36 (KHTML, like Gecko) Chrome/57.0.2987.98 Safari/537.36"
123.57.117.72 - - [22/Apr/2017:00:12:09 +0800] "GET /admin/index HTTP/1.1" 200 17477 "-" "Mozilla/5.0 (Windows NT 10.0; Win64; x64) AppleWebKit/537.36 (KHTML, like Gecko) Chrome/57.0.2987.98 Safari/537.36"
123.57.117.79 - - [22/Apr/2017:00:12:09 +0800] "GET /admin/index/main.html HTTP/1.1" 200 7456 "http://www.hhqblog.com/admin/index" "Mozilla/5.0 (Windows NT 10.0; Win64; x64) AppleWebKit/537.36 (KHTML, like Gecko) Chrome/57.0.2987.98 Safari/537.36"
123.57.117.73 - - [22/Apr/2017:00:12:10 +0800] "GET /static/admin/css/bootstrap.min.css.map HTTP/1.1" 404 33976 "-" "Mozilla/5.0 (Windows NT 10.0; Win64; x64) AppleWebKit/537.36 (KHTML, like Gecko) Chrome/57.0.2987.98 Safari/537.36"
123.57.117.66 - - [22/Apr/2017:00:12:19 +0800] "GET /admin/article/index.html HTTP/1.1" 200 10345 "http://www.hhqblog.com/admin/index" "Mozilla/5.0 (Windows NT 10.0; Win64; x64) AppleWebKit/537.36 (KHTML, like Gecko) Chrome/57.0.2987.98 Safari/537.36"
123.57.117.73 - - [22/Apr/2017:00:12:20 +0800] "GET /static/admin/css/bootstrap.min.css.map HTTP/1.1" 404 33976 "-" "Mozilla/5.0 (Windows NT 10.0; Win64; x64) AppleWebKit/537.36 (KHTML, like Gecko) Chrome/57.0.2987.98 Safari/537.36"
123.57.117.74 - - [22/Apr/2017:00:12:20 +0800] "GET /admin/article/index.html?page=1&keyword= HTTP/1.1" 200 7493 "http://www.hhqblog.com/admin/article/index.html" "Mozilla/5.0 (Windows NT 10.0; Win64; x64) AppleWebKit/537.36 (KHTML, like Gecko) Chrome/57.0.2987.98 Safari/537.36"
123.57.117.69 - - [22/Apr/2017:00:12:53 +0800] "GET /admin/article/edit_article/id/19/html HTTP/1.1" 200 17159 "http://www.hhqblog.com/admin/article/index.html" "Mozilla/5.0 (Windows NT 10.0; Win64; x64) AppleWebKit/537.36 (KHTML, like Gecko) Chrome/57.0.2987.98 Safari/537.36"
123.57.117.73 - - [22/Apr/2017:00:12:54 +0800] "GET /static/admin/css/bootstrap.min.css.map HTTP/1.1" 404 33976 "-" "Mozilla/5.0 (Windows NT 10.0; Win64; x64) AppleWebKit/537.36 (KHTML, like Gecko) Chrome/57.0.2987.98 Safari/537.36"
123.57.117.84 - - [22/Apr/2017:00:12:55 +0800] "GET /static/admin/ueditor/php/controller.php?action=config&&noCache=1492791175112 HTTP/1.1" 200 2539 "http://www.hhqblog.com/admin/article/edit_article/id/19/html" "Mozilla/5.0 (Windows NT 10.0; Win64; x64) AppleWebKit/537.36 (KHTML, like Gecko) Chrome/57.0.2987.98 Safari/537.36"
123.57.117.69 - - [22/Apr/2017:00:12:56 +0800] "GET /static/admin/ueditor/third-party/zeroclipboard/ZeroClipboard.swf?noCache=1492791175942 HTTP/1.1" 200 3933 "http://www.hhqblog.com/admin/article/edit_article/id/19/html" "Mozilla/5.0 (Windows NT 10.0; Win64; x64) AppleWebKit/537.36 (KHTML, like Gecko) Chrome/57.0.2987.98 Safari/537.36"
123.57.117.66 - - [22/Apr/2017:00:14:10 +0800] "GET /admin/category/index.html HTTP/1.1" 200 7611 "http://www.hhqblog.com/admin/index" "Mozilla/5.0 (Windows NT 10.0; Win64; x64) AppleWebKit/537.36 (KHTML, like Gecko) Chrome/57.0.2987.98 Safari/537.36"
39.78.204.202 - - [22/Apr/2017:00:49:14 +0800] "GET / HTTP/1.1" 200 8889 "-" "Mozilla/5.0 (Linux; U; Android 7.0; zh-CN; FRD-AL00 Build/HUAWEIFRD-AL00) AppleWebKit/537.36 (KHTML, like Gecko) Version/4.0 Chrome/40.0.2214.89 UCBrowser/11.4.9.941 Mobile Safari/537.36"
39.78.204.202 - - [22/Apr/2017:00:49:14 +0800] "GET /?_t_t_t=0.8879143395461142 HTTP/1.1" 200 8889 "http://hhqblog.com/" "Mozilla/5.0 (Linux; U; Android 7.0; zh-CN; FRD-AL00 Build/HUAWEIFRD-AL00) AppleWebKit/537.36 (KHTML, like Gecko) Version/4.0 Chrome/40.0.2214.89 UCBrowser/11.4.9.941 Mobile Safari/537.36"
39.78.204.202 - - [22/Apr/2017:00:49:15 +0800] "GET /index/index/index.html?page=1 HTTP/1.1" 200 3781 "http://hhqblog.com/?_t_t_t=0.8879143395461142" "Mozilla/5.0 (Linux; U; Android 7.0; zh-CN; FRD-AL00 Build/HUAWEIFRD-AL00) AppleWebKit/537.36 (KHTML, like Gecko) Version/4.0 Chrome/40.0.2214.89 UCBrowser/11.4.9.941 Mobile Safari/537.36"
39.78.204.202 - - [22/Apr/2017:00:49:16 +0800] "GET /static/fonts/fontawesome-webfont.woff?v=4.7.0 HTTP/1.1" 200 98024 "http://hhqblog.com/static/css/font-awesome.min.css" "Mozilla/5.0 (Linux; U; Android 7.0; zh-CN; FRD-AL00 Build/HUAWEIFRD-AL00) AppleWebKit/537.36 (KHTML, like Gecko) Version/4.0 Chrome/40.0.2214.89 UCBrowser/11.4.9.941 Mobile Safari/537.36"
123.56.233.103 - - [22/Apr/2017:01:44:47 +0800] "GET / HTTP/1.1" 200 18760 "-" "-"
47.90.92.26 - - [22/Apr/2017:03:40:32 +0800] "GET / HTTP/1.1" 200 18765 "-" "-"
119.23.127.40 - - [22/Apr/2017:05:05:56 +0800] "GET / HTTP/1.1" 200 18765 "-" "-"
140.205.253.138 - - [22/Apr/2017:05:41:06 +0800] "GET / HTTP/1.1" 200 47866 "-" "Opera/9.80 (Macintosh; Intel Mac OS X 10.6.8; U; fr) Presto/2.9.168 Version/11.52"
101.200.72.63 - - [22/Apr/2017:07:09:34 +0800] "GET http://101.200.72.63:8080/webservice/proxy/validate HTTP/1.0" 404 30052 "-" "-"
140.205.253.132 - - [22/Apr/2017:07:14:51 +0800] "GET / HTTP/1.1" 200 47866 "-" "spiderman"
140.205.253.138 - - [22/Apr/2017:07:14:51 +0800] "GET / HTTP/1.1" 200 47866 "-" "spiderman"
66.249.73.223 - - [22/Apr/2017:08:34:23 +0800] "GET /robots.txt HTTP/1.1" 200 26 "-" "Mozilla/5.0 (compatible; Googlebot/2.1; +http://www.google.com/bot.html)"
66.249.73.220 - - [22/Apr/2017:08:34:23 +0800] "GET / HTTP/1.1" 200 8889 "-" "Mozilla/5.0 (compatible; Googlebot/2.1; +http://www.google.com/bot.html)"
66.249.73.217 - - [22/Apr/2017:08:49:30 +0800] "GET /index/index/index.html HTTP/1.1" 200 8889 "-" "Mozilla/5.0 (compatible; Googlebot/2.1; +http://www.google.com/bot.html)"
66.249.73.223 - - [22/Apr/2017:08:51:10 +0800] "GET /index/article/detail/id/18.html HTTP/1.1" 404 5485 "-" "Mozilla/5.0 (compatible; Googlebot/2.1; +http://www.google.com/bot.html)"
42.156.251.187 - - [22/Apr/2017:09:55:59 +0800] "GET / HTTP/1.0" 200 8876 "-" "spiderman"
101.200.72.63 - - [22/Apr/2017:10:12:56 +0800] "GET http://101.200.72.63:8080/webservice/proxy/validate HTTP/1.0" 404 30052 "-" "-"
140.205.225.188 - - [22/Apr/2017:10:17:47 +0800] "POST /szbqoxdtriua HTTP/1.1" 404 31813 "-" "Mozilla/4.0 (compatible; MSIE 6.0; Windows NT 5.1;Alibaba.Security.Heimdall.6630586.elasticsearch_unauthorized)"
140.205.225.188 - - [22/Apr/2017:10:17:47 +0800] "GET /szbqoxdtriua HTTP/1.1" 404 30978 "-" "Mozilla/4.0 (compatible; MSIE 6.0; Windows NT 5.1;Alibaba.Security.Heimdall.6630586.elasticsearch_unauthorized)"
140.205.225.188 - - [22/Apr/2017:10:17:47 +0800] "DELETE /szbqoxdtriua HTTP/1.1" 404 30981 "-" "Mozilla/4.0 (compatible; MSIE 6.0; Windows NT 5.1;Alibaba.Security.Heimdall.6630586.elasticsearch_unauthorized)"
140.205.225.188 - - [22/Apr/2017:10:17:47 +0800] "GET /jobs/ HTTP/1.1" 404 31230 "http://47.93.49.112/" "Mozilla/4.0 (compatible; MSIE 6.0; Windows NT 5.1;Alibaba.Security.Heimdall.6630586)"
140.205.225.188 - - [22/Apr/2017:10:18:52 +0800] "GET / HTTP/1.1" 200 47866 "http://47.93.49.112/" "Mozilla/4.0 (compatible; MSIE 6.0; Windows NT 5.1;Alibaba.Security.Heimdall.6630586)"
140.205.225.188 - - [22/Apr/2017:10:19:04 +0800] "POST / HTTP/1.1" 200 47866 "-" "Mozilla/4.0 (compatible; MSIE 6.0; Windows NT 5.1;Alibaba.Security.Heimdall.6630586.struts-s2-046)"
140.205.225.188 - - [22/Apr/2017:10:19:09 +0800] "GET /phpmyadmin/index.php HTTP/1.1" 404 27 "http://47.93.49.112:80/phpmyadmin/index.php" "Mozilla/4.0 (compatible; MSIE 6.0; Windows NT 5.1;Alibaba.Security.Heimdall.6630586.p)"
140.205.225.188 - - [22/Apr/2017:10:19:09 +0800] "GET / HTTP/1.1" 200 47866 "http://47.93.49.112/" "Mozilla/4.0 (compatible; MSIE 6.0; Windows NT 5.1;Alibaba.Security.Heimdall.6630586)"
140.205.225.188 - - [22/Apr/2017:10:19:09 +0800] "GET /phpMyAdmin/index.php HTTP/1.1" 404 27 "http://47.93.49.112:80/phpMyAdmin/index.php" "Mozilla/4.0 (compatible; MSIE 6.0; Windows NT 5.1;Alibaba.Security.Heimdall.6630586.p)"
140.205.225.188 - - [22/Apr/2017:10:19:09 +0800] "GET /pma/index.php HTTP/1.1" 404 27 "http://47.93.49.112:80/pma/index.php" "Mozilla/4.0 (compatible; MSIE 6.0; Windows NT 5.1;Alibaba.Security.Heimdall.6630586.p)"
140.205.225.188 - - [22/Apr/2017:10:19:09 +0800] "GET /pmd/index.php HTTP/1.1" 404 27 "http://47.93.49.112:80/pmd/index.php" "Mozilla/4.0 (compatible; MSIE 6.0; Windows NT 5.1;Alibaba.Security.Heimdall.6630586.p)"
140.205.225.188 - - [22/Apr/2017:10:19:14 +0800] "GET / HTTP/1.1" 200 47866 "http://47.93.49.112/" "Mozilla/4.0 (compatible; MSIE 6.0; Windows NT 5.1;Alibaba.Security.Heimdall.6630586)"
140.205.225.188 - - [22/Apr/2017:10:19:21 +0800] "GET /phpmyadmin/index.php HTTP/1.1" 404 27 "http://47.93.49.112:80/phpmyadmin/index.php" "Mozilla/4.0 (compatible; MSIE 6.0; Windows NT 5.1;Alibaba.Security.Heimdall.6630586.p)"
140.205.225.188 - - [22/Apr/2017:10:19:21 +0800] "GET /phpMyAdmin/index.php HTTP/1.1" 404 27 "http://47.93.49.112:80/phpMyAdmin/index.php" "Mozilla/4.0 (compatible; MSIE 6.0; Windows NT 5.1;Alibaba.Security.Heimdall.6630586.p)"
140.205.225.188 - - [22/Apr/2017:10:19:21 +0800] "GET /pma/index.php HTTP/1.1" 404 27 "http://47.93.49.112:80/pma/index.php" "Mozilla/4.0 (compatible; MSIE 6.0; Windows NT 5.1;Alibaba.Security.Heimdall.6630586.p)"
140.205.225.188 - - [22/Apr/2017:10:19:21 +0800] "GET /pmd/index.php HTTP/1.1" 404 27 "http://47.93.49.112:80/pmd/index.php" "Mozilla/4.0 (compatible; MSIE 6.0; Windows NT 5.1;Alibaba.Security.Heimdall.6630586.p)"
140.205.225.188 - - [22/Apr/2017:10:19:22 +0800] "GET /hwi/ HTTP/1.1" 404 31224 "http://47.93.49.112/" "Mozilla/4.0 (compatible; MSIE 6.0; Windows NT 5.1;Alibaba.Security.Heimdall.6630586)"
140.205.225.188 - - [22/Apr/2017:10:20:44 +0800] "GET / HTTP/1.1" 200 47866 "http://47.93.49.112/" "Mozilla/4.0 (compatible; MSIE 6.0; Windows NT 5.1;Alibaba.Security.Heimdall.6630586)"
140.205.225.188 - - [22/Apr/2017:10:22:33 +0800] "GET /clusters.jsf HTTP/1.1" 404 31232 "http://47.93.49.112/" "Mozilla/4.0 (compatible; MSIE 6.0; Windows NT 5.1;Alibaba.Security.Heimdall.6630586)"
140.205.225.188 - - [22/Apr/2017:10:23:07 +0800] "GET /ganglia/index.php HTTP/1.1" 404 27 "http://47.93.49.112/" "Mozilla/4.0 (compatible; MSIE 6.0; Windows NT 5.1;Alibaba.Security.Heimdall.6630586)"
140.205.225.188 - - [22/Apr/2017:10:23:47 +0800] "GET /index.php HTTP/1.1" 200 48106 "http://47.93.49.112/" "Mozilla/4.0 (compatible; MSIE 6.0; Windows NT 5.1;Alibaba.Security.Heimdall.6630586)"
140.205.225.188 - - [22/Apr/2017:10:25:03 +0800] "GET /rs-status HTTP/1.1" 404 31213 "http://47.93.49.112/" "Mozilla/4.0 (compatible; MSIE 6.0; Windows NT 5.1;Alibaba.Security.Heimdall.6630586)"
140.205.225.188 - - [22/Apr/2017:10:25:18 +0800] "GET / HTTP/1.1" 200 47866 "http://47.93.49.112/" "Mozilla/4.0 (compatible; MSIE 6.0; Windows NT 5.1;Alibaba.Security.Heimdall.6630586)"
140.205.225.188 - - [22/Apr/2017:10:25:37 +0800] "POST / HTTP/1.1" 200 48272 "http://47.93.49.112/" "Mozilla/4.0 (compatible; MSIE 6.0; Windows NT 5.1;Alibaba.Security.Heimdall.6630586)"
140.205.225.188 - - [22/Apr/2017:10:25:55 +0800] "GET /dfshealth.html HTTP/1.1" 404 31234 "http://47.93.49.112/" "Mozilla/4.0 (compatible; MSIE 6.0; Windows NT 5.1;Alibaba.Security.Heimdall.6630586)"
140.205.225.188 - - [22/Apr/2017:10:26:34 +0800] "GET /master-status HTTP/1.1" 404 31237 "http://47.93.49.112/" "Mozilla/4.0 (compatible; MSIE 6.0; Windows NT 5.1;Alibaba.Security.Heimdall.6630586)"
140.205.225.188 - - [22/Apr/2017:10:27:13 +0800] "GET /about/ HTTP/1.1" 404 31236 "http://47.93.49.112/" "Mozilla/4.0 (compatible; MSIE 6.0; Windows NT 5.1;Alibaba.Security.Heimdall.6630586)"
140.205.225.188 - - [22/Apr/2017:10:27:30 +0800] "GET /warning HTTP/1.1" 404 31202 "http://47.93.49.112/" "Mozilla/4.0 (compatible; MSIE 6.0; Windows NT 5.1;Alibaba.Security.Heimdall.6630586)"
140.205.225.188 - - [22/Apr/2017:10:29:17 +0800] "GET /pleasereadthis HTTP/1.1" 404 31244 "http://47.93.49.112/" "Mozilla/4.0 (compatible; MSIE 6.0; Windows NT 5.1;Alibaba.Security.Heimdall.6630586)"
140.205.225.188 - - [22/Apr/2017:10:31:31 +0800] "GET /please_read/_search HTTP/1.1" 404 31254 "http://47.93.49.112/" "Mozilla/4.0 (compatible; MSIE 6.0; Windows NT 5.1;Alibaba.Security.Heimdall.6630586)"
140.205.225.188 - - [22/Apr/2017:10:32:17 +0800] "GET /info HTTP/1.1" 404 31184 "http://47.93.49.112/" "Mozilla/4.0 (compatible; MSIE 6.0; Windows NT 5.1;Alibaba.Security.Heimdall.6630586)"
140.205.225.188 - - [22/Apr/2017:10:33:58 +0800] "GET /solr/ HTTP/1.1" 404 31230 "http://47.93.49.112/" "Mozilla/4.0 (compatible; MSIE 6.0; Windows NT 5.1;Alibaba.Security.Heimdall.6630586)"
140.205.225.188 - - [22/Apr/2017:10:33:59 +0800] "GET / HTTP/1.1" 200 47866 "http://47.93.49.112/" "Mozilla/4.0 (compatible; MSIE 6.0; Windows NT 5.1;Alibaba.Security.Heimdall.6630586)"
140.205.225.188 - - [22/Apr/2017:10:36:20 +0800] "GET /dfshealth.jsp HTTP/1.1" 404 31238 "http://47.93.49.112/" "Mozilla/4.0 (compatible; MSIE 6.0; Windows NT 5.1;Alibaba.Security.Heimdall.6630586)"
140.205.225.188 - - [22/Apr/2017:10:36:40 +0800] "GET /hadoop/dfshealth.jsp HTTP/1.1" 404 31254 "http://47.93.49.112/" "Mozilla/4.0 (compatible; MSIE 6.0; Windows NT 5.1;Alibaba.Security.Heimdall.6630586)"
140.205.225.188 - 1 [22/Apr/2017:10:38:10 +0800] "GET /admin/ HTTP/1.1" 404 32155 "http://47.93.49.112/" "Mozilla/4.0 (compatible; MSIE 6.0; Windows NT 5.1;Alibaba.Security.Heimdall.6630586)"
140.205.225.188 - 1 [22/Apr/2017:10:38:51 +0800] "GET / HTTP/1.1" 200 47866 "http://47.93.49.112/" "Mozilla/4.0 (compatible; MSIE 6.0; Windows NT 5.1;Alibaba.Security.Heimdall.6630586)"
140.205.225.188 - - [22/Apr/2017:10:49:36 +0800] "GET /j_acegi_security_check HTTP/1.1" 404 31346 "http://47.93.49.112/" "Mozilla/4.0 (compatible; MSIE 6.0; Windows NT 5.1;Alibaba.Security.Heimdall.6630586)"
140.205.201.36 - - [22/Apr/2017:11:10:45 +0800] "\x00\x9C\x00\x01\x1A+<M\x00\x01\x00\x00\x01\x00\x00\x00\x00\x00\x00\x01\x00\x00\x00\x01\x00\x00\x00\x00\x001\x00\x00\x00\x00\x00\x00\x00\x00\x00\x00\x00\x00\x00\x00\x00\x00\x00\x00\x00\x00\x00\x00\x00\x00\x00\x00\x00\x00\x00\x00\x00\x00\x00\x00\x00\x00\x00\x00\x00\x00\x00\x00\x00\x00\x00\x00\x00\x00\x00\x00\x00\x00\x00\x00\x00\x00\x00\x00\x00\x00\x00\x00\x00\x00\x00\x00\x00\x00\x00\x00\x00\x00\x00\x00\x00\x00\x00\x00\x00\x00\x00\x00\x00\x00\x00\x00\x00\x00\x00\x00\x00\x00\x00\x00\x00\x00\x00\x00\x00\x00\x00\x00\x00\x00\x00\x00\x00\x00\x00\x00\x00\x00\x00\x00\x00\x00\x00\x00\x00\x00\x00\x00\x00\x00\x00\x00" 400 174 "-" "-"
140.205.201.36 - - [22/Apr/2017:11:18:05 +0800] "\x00\x0E8\xC5;.\x5CC\xE3W\xCD\x00\x00\x00\x00\x00" 400 174 "-" "-"
66.249.73.217 - - [22/Apr/2017:11:54:56 +0800] "GET /index/index/index.html?page=1 HTTP/1.1" 200 3781 "http://hhqblog.com/" "Mozilla/5.0 (compatible; Googlebot/2.1; +http://www.google.com/bot.html)"
47.90.92.26 - - [22/Apr/2017:12:10:26 +0800] "GET / HTTP/1.1" 200 18765 "-" "-"
120.55.242.159 - - [22/Apr/2017:12:40:48 +0800] "GET / HTTP/1.0" 200 47853 "-" "-"
140.205.201.42 - - [22/Apr/2017:14:49:03 +0800] "GET /wmpcbhlqjria HTTP/1.1" 404 30977 "-" "Mozilla/4.0 (compatible; MSIE 6.0; Windows NT 5.1;Alibaba.Security.Heimdall.5448812.elasticsearch_unauthorized)"
140.205.201.42 - - [22/Apr/2017:14:49:03 +0800] "POST /wmpcbhlqjria HTTP/1.1" 404 31811 "-" "Mozilla/4.0 (compatible; MSIE 6.0; Windows NT 5.1;Alibaba.Security.Heimdall.5448812.elasticsearch_unauthorized)"
140.205.201.42 - - [22/Apr/2017:14:49:03 +0800] "DELETE /wmpcbhlqjria HTTP/1.1" 404 30980 "-" "Mozilla/4.0 (compatible; MSIE 6.0; Windows NT 5.1;Alibaba.Security.Heimdall.5448812.elasticsearch_unauthorized)"
140.205.201.42 - - [22/Apr/2017:14:49:03 +0800] "GET /jobs/ HTTP/1.1" 404 31229 "http://47.93.49.112/" "Mozilla/4.0 (compatible; MSIE 6.0; Windows NT 5.1;Alibaba.Security.Heimdall.5448812)"
140.205.201.42 - - [22/Apr/2017:14:50:37 +0800] "GET / HTTP/1.1" 200 47866 "http://47.93.49.112/" "Mozilla/4.0 (compatible; MSIE 6.0; Windows NT 5.1;Alibaba.Security.Heimdall.5448812)"
140.205.201.42 - - [22/Apr/2017:14:51:05 +0800] "POST / HTTP/1.1" 200 47866 "-" "Mozilla/4.0 (compatible; MSIE 6.0; Windows NT 5.1;Alibaba.Security.Heimdall.5448812.struts-s2-046)"
140.205.201.42 - - [22/Apr/2017:14:51:21 +0800] "GET /phpmyadmin/index.php HTTP/1.1" 404 27 "http://47.93.49.112:80/phpmyadmin/index.php" "Mozilla/4.0 (compatible; MSIE 6.0; Windows NT 5.1;Alibaba.Security.Heimdall.5448812.p)"
140.205.201.42 - - [22/Apr/2017:14:51:21 +0800] "GET /phpMyAdmin/index.php HTTP/1.1" 404 27 "http://47.93.49.112:80/phpMyAdmin/index.php" "Mozilla/4.0 (compatible; MSIE 6.0; Windows NT 5.1;Alibaba.Security.Heimdall.5448812.p)"
140.205.201.42 - - [22/Apr/2017:14:51:21 +0800] "GET /pma/index.php HTTP/1.1" 404 27 "http://47.93.49.112:80/pma/index.php" "Mozilla/4.0 (compatible; MSIE 6.0; Windows NT 5.1;Alibaba.Security.Heimdall.5448812.p)"
140.205.201.42 - - [22/Apr/2017:14:51:21 +0800] "GET /pmd/index.php HTTP/1.1" 404 27 "http://47.93.49.112:80/pmd/index.php" "Mozilla/4.0 (compatible; MSIE 6.0; Windows NT 5.1;Alibaba.Security.Heimdall.5448812.p)"
140.205.201.42 - - [22/Apr/2017:14:51:21 +0800] "GET / HTTP/1.1" 200 47866 "http://47.93.49.112/" "Mozilla/4.0 (compatible; MSIE 6.0; Windows NT 5.1;Alibaba.Security.Heimdall.5448812)"
140.205.201.42 - - [22/Apr/2017:14:51:40 +0800] "GET / HTTP/1.1" 200 47866 "http://47.93.49.112/" "Mozilla/4.0 (compatible; MSIE 6.0; Windows NT 5.1;Alibaba.Security.Heimdall.5448812)"
140.205.201.42 - - [22/Apr/2017:14:53:24 +0800] "GET /phpmyadmin/index.php HTTP/1.1" 404 27 "http://47.93.49.112:80/phpmyadmin/index.php" "Mozilla/4.0 (compatible; MSIE 6.0; Windows NT 5.1;Alibaba.Security.Heimdall.5448812.p)"
140.205.201.42 - - [22/Apr/2017:14:53:25 +0800] "GET /phpMyAdmin/index.php HTTP/1.1" 404 27 "http://47.93.49.112:80/phpMyAdmin/index.php" "Mozilla/4.0 (compatible; MSIE 6.0; Windows NT 5.1;Alibaba.Security.Heimdall.5448812.p)"
140.205.201.42 - - [22/Apr/2017:14:53:25 +0800] "GET /pma/index.php HTTP/1.1" 404 27 "http://47.93.49.112:80/pma/index.php" "Mozilla/4.0 (compatible; MSIE 6.0; Windows NT 5.1;Alibaba.Security.Heimdall.5448812.p)"
140.205.201.42 - - [22/Apr/2017:14:53:25 +0800] "GET /pmd/index.php HTTP/1.1" 404 27 "http://47.93.49.112:80/pmd/index.php" "Mozilla/4.0 (compatible; MSIE 6.0; Windows NT 5.1;Alibaba.Security.Heimdall.5448812.p)"
140.205.201.42 - - [22/Apr/2017:14:53:25 +0800] "GET /hwi/ HTTP/1.1" 404 31223 "http://47.93.49.112/" "Mozilla/4.0 (compatible; MSIE 6.0; Windows NT 5.1;Alibaba.Security.Heimdall.5448812)"
140.205.201.42 - - [22/Apr/2017:15:00:09 +0800] "GET / HTTP/1.1" 200 47866 "http://47.93.49.112/" "Mozilla/4.0 (compatible; MSIE 6.0; Windows NT 5.1;Alibaba.Security.Heimdall.5448812)"
140.205.201.42 - - [22/Apr/2017:15:13:30 +0800] "GET /clusters.jsf HTTP/1.1" 404 31231 "http://47.93.49.112/" "Mozilla/4.0 (compatible; MSIE 6.0; Windows NT 5.1;Alibaba.Security.Heimdall.5448812)"
140.205.201.42 - - [22/Apr/2017:15:17:06 +0800] "GET /ganglia/index.php HTTP/1.1" 404 27 "http://47.93.49.112/" "Mozilla/4.0 (compatible; MSIE 6.0; Windows NT 5.1;Alibaba.Security.Heimdall.5448812)"
140.205.201.42 - - [22/Apr/2017:15:18:47 +0800] "GET /index.php HTTP/1.1" 200 48106 "http://47.93.49.112/" "Mozilla/4.0 (compatible; MSIE 6.0; Windows NT 5.1;Alibaba.Security.Heimdall.5448812)"
140.205.201.42 - - [22/Apr/2017:15:19:44 +0800] "GET /rs-status HTTP/1.1" 404 31213 "http://47.93.49.112/" "Mozilla/4.0 (compatible; MSIE 6.0; Windows NT 5.1;Alibaba.Security.Heimdall.5448812)"
140.205.201.42 - - [22/Apr/2017:15:20:46 +0800] "GET / HTTP/1.1" 200 47866 "http://47.93.49.112/" "Mozilla/4.0 (compatible; MSIE 6.0; Windows NT 5.1;Alibaba.Security.Heimdall.5448812)"
140.205.201.42 - - [22/Apr/2017:15:21:04 +0800] "POST / HTTP/1.1" 200 48272 "http://47.93.49.112/" "Mozilla/4.0 (compatible; MSIE 6.0; Windows NT 5.1;Alibaba.Security.Heimdall.5448812)"
140.205.201.42 - - [22/Apr/2017:15:21:08 +0800] "GET /dfshealth.html HTTP/1.1" 404 31233 "http://47.93.49.112/" "Mozilla/4.0 (compatible; MSIE 6.0; Windows NT 5.1;Alibaba.Security.Heimdall.5448812)"
140.205.201.42 - - [22/Apr/2017:15:21:19 +0800] "GET /master-status HTTP/1.1" 404 31237 "http://47.93.49.112/" "Mozilla/4.0 (compatible; MSIE 6.0; Windows NT 5.1;Alibaba.Security.Heimdall.5448812)"
140.205.201.42 - - [22/Apr/2017:15:21:24 +0800] "GET /about/ HTTP/1.1" 404 31234 "http://47.93.49.112/" "Mozilla/4.0 (compatible; MSIE 6.0; Windows NT 5.1;Alibaba.Security.Heimdall.5448812)"
140.205.201.42 - - [22/Apr/2017:15:21:28 +0800] "GET /warning HTTP/1.1" 404 31200 "http://47.93.49.112/" "Mozilla/4.0 (compatible; MSIE 6.0; Windows NT 5.1;Alibaba.Security.Heimdall.5448812)"
140.205.201.42 - - [22/Apr/2017:15:21:33 +0800] "GET /pleasereadthis HTTP/1.1" 404 31242 "http://47.93.49.112/" "Mozilla/4.0 (compatible; MSIE 6.0; Windows NT 5.1;Alibaba.Security.Heimdall.5448812)"
140.205.201.42 - - [22/Apr/2017:15:21:38 +0800] "GET /please_read/_search HTTP/1.1" 404 31253 "http://47.93.49.112/" "Mozilla/4.0 (compatible; MSIE 6.0; Windows NT 5.1;Alibaba.Security.Heimdall.5448812)"
140.205.201.42 - - [22/Apr/2017:15:21:40 +0800] "GET /info HTTP/1.1" 404 31183 "http://47.93.49.112/" "Mozilla/4.0 (compatible; MSIE 6.0; Windows NT 5.1;Alibaba.Security.Heimdall.5448812)"
140.205.201.42 - - [22/Apr/2017:15:22:02 +0800] "GET /solr/ HTTP/1.1" 404 31229 "http://47.93.49.112/" "Mozilla/4.0 (compatible; MSIE 6.0; Windows NT 5.1;Alibaba.Security.Heimdall.5448812)"
140.205.201.42 - - [22/Apr/2017:15:22:54 +0800] "GET / HTTP/1.1" 200 47866 "http://47.93.49.112/" "Mozilla/4.0 (compatible; MSIE 6.0; Windows NT 5.1;Alibaba.Security.Heimdall.5448812)"
140.205.201.42 - - [22/Apr/2017:15:26:30 +0800] "GET /dfshealth.jsp HTTP/1.1" 404 31237 "http://47.93.49.112/" "Mozilla/4.0 (compatible; MSIE 6.0; Windows NT 5.1;Alibaba.Security.Heimdall.5448812)"
140.205.201.42 - - [22/Apr/2017:15:26:57 +0800] "GET /hadoop/dfshealth.jsp HTTP/1.1" 404 31253 "http://47.93.49.112/" "Mozilla/4.0 (compatible; MSIE 6.0; Windows NT 5.1;Alibaba.Security.Heimdall.5448812)"
140.205.201.42 - 1 [22/Apr/2017:15:31:19 +0800] "GET /admin/ HTTP/1.1" 404 32155 "http://47.93.49.112/" "Mozilla/4.0 (compatible; MSIE 6.0; Windows NT 5.1;Alibaba.Security.Heimdall.5448812)"
140.205.201.42 - 1 [22/Apr/2017:15:36:14 +0800] "GET / HTTP/1.1" 200 47866 "http://47.93.49.112/" "Mozilla/4.0 (compatible; MSIE 6.0; Windows NT 5.1;Alibaba.Security.Heimdall.5448812)"
140.205.201.42 - - [22/Apr/2017:15:58:31 +0800] "GET /j_acegi_security_check HTTP/1.1" 404 31345 "http://47.93.49.112/" "Mozilla/4.0 (compatible; MSIE 6.0; Windows NT 5.1;Alibaba.Security.Heimdall.5448812)"
140.205.253.141 - - [22/Apr/2017:17:41:23 +0800] "GET /index/index/index.html?page=1 HTTP/1.1" 200 3781 "-" "Apache-HttpClient/4.4.1 (Java/1.7.0_75)"
47.90.92.26 - - [22/Apr/2017:19:37:37 +0800] "GET / HTTP/1.1" 200 18765 "-" "-"
139.162.108.53 - - [22/Apr/2017:19:47:21 +0800] "GET / HTTP/1.1" 200 47866 "-" "Mozilla/5.0 (Windows NT 10.0; WOW64) AppleWebKit/537.36 (KHTML, like Gecko) Chrome/50.0.2661.102 Safari/537.36"
107.191.41.16 - - [22/Apr/2017:21:13:42 +0800] "CONNECT 213.165.64.204:443 HTTP/1.0" 400 174 "-" "-"
107.191.41.16 - - [22/Apr/2017:21:13:42 +0800] "GET https://service.gmx.com/registration.html HTTP/1.0" 404 30039 "-" "-"
107.191.41.16 - - [22/Apr/2017:21:13:43 +0800] "CONNECT 45.33.54.195:80 HTTP/1.0" 400 174 "-" "-"
107.191.41.16 - - [22/Apr/2017:21:13:43 +0800] "GET http://proxyjudge.us/judge.php HTTP/1.0" 404 16 "-" "-"
66.249.73.220 - - [23/Apr/2017:01:00:22 +0800] "GET / HTTP/1.1" 200 8889 "-" "Mozilla/5.0 (compatible; Googlebot/2.1; +http://www.google.com/bot.html)"
120.24.251.13 - - [23/Apr/2017:01:43:07 +0800] "GET / HTTP/1.1" 200 18760 "-" "-"
66.249.73.217 - - [23/Apr/2017:02:57:51 +0800] "GET / HTTP/1.1" 200 8889 "-" "Mozilla/5.0 (compatible; Googlebot/2.1; +http://www.google.com/bot.html)"
77.48.29.22 - - [23/Apr/2017:04:49:05 +0800] "GET / HTTP/1.0" 200 17333 "-" "-"
118.178.228.154 - - [23/Apr/2017:04:53:35 +0800] "GET / HTTP/1.1" 200 18765 "-" "-"
119.23.140.203 - - [23/Apr/2017:05:01:33 +0800] "GET / HTTP/1.1" 200 18765 "-" "-"
66.249.73.223 - - [23/Apr/2017:05:29:51 +0800] "GET / HTTP/1.1" 200 8889 "-" "Mozilla/5.0 (compatible; Googlebot/2.1; +http://www.google.com/bot.html)"
140.205.253.138 - - [23/Apr/2017:07:08:34 +0800] "GET / HTTP/1.1" 200 47866 "-" "spiderman"
140.205.253.132 - - [23/Apr/2017:07:08:34 +0800] "GET / HTTP/1.1" 200 47866 "-" "spiderman"
140.205.253.138 - - [23/Apr/2017:07:31:45 +0800] "GET / HTTP/1.1" 200 47866 "-" "Wget/1.12 (linux-gnu)"
140.205.201.47 - - [23/Apr/2017:09:27:24 +0800] "\x00\x9C\x00\x01\x1A+<M\x00\x01\x00\x00\x01\x00\x00\x00\x00\x00\x00\x01\x00\x00\x00\x01\x00\x00\x00\x00\x001\x00\x00\x00\x00\x00\x00\x00\x00\x00\x00\x00\x00\x00\x00\x00\x00\x00\x00\x00\x00\x00\x00\x00\x00\x00\x00\x00\x00\x00\x00\x00\x00\x00\x00\x00\x00\x00\x00\x00\x00\x00\x00\x00\x00\x00\x00\x00\x00\x00\x00\x00\x00\x00\x00\x00\x00\x00\x00\x00\x00\x00\x00\x00\x00\x00\x00\x00\x00\x00\x00\x00\x00\x00\x00\x00\x00\x00\x00\x00\x00\x00\x00\x00\x00\x00\x00\x00\x00\x00\x00\x00\x00\x00\x00\x00\x00\x00\x00\x00\x00\x00\x00\x00\x00\x00\x00\x00\x00\x00\x00\x00\x00\x00\x00\x00\x00\x00\x00\x00\x00\x00\x00\x00\x00\x00\x00" 400 174 "-" "-"
140.205.201.47 - - [23/Apr/2017:09:28:27 +0800] "\x00\x0E8\xC5;.\x5CC\xE3W\xCD\x00\x00\x00\x00\x00" 400 174 "-" "-"
66.249.64.84 - - [23/Apr/2017:10:04:41 +0800] "GET /robots.txt HTTP/1.1" 200 26 "-" "Mozilla/5.0 (compatible; Googlebot/2.1; +http://www.google.com/bot.html)"
66.249.64.78 - - [23/Apr/2017:10:04:42 +0800] "GET / HTTP/1.1" 200 8889 "-" "Mozilla/5.0 (compatible; Googlebot/2.1; +http://www.google.com/bot.html)"
59.110.6.177 - - [23/Apr/2017:11:36:31 +0800] "GET / HTTP/1.1" 200 18765 "-" "-"
109.115.59.96 - - [23/Apr/2017:14:17:55 +0800] "GET / HTTP/1.0" 200 34373 "-" "-"
140.205.225.187 - - [23/Apr/2017:15:45:30 +0800] "GET /zlwosrxnvhcd HTTP/1.1" 404 30977 "-" "Mozilla/4.0 (compatible; MSIE 6.0; Windows NT 5.1;Alibaba.Security.Heimdall.5448812.elasticsearch_unauthorized)"
140.205.225.187 - - [23/Apr/2017:15:45:30 +0800] "POST /zlwosrxnvhcd HTTP/1.1" 404 31812 "-" "Mozilla/4.0 (compatible; MSIE 6.0; Windows NT 5.1;Alibaba.Security.Heimdall.5448812.elasticsearch_unauthorized)"
140.205.225.187 - - [23/Apr/2017:15:45:30 +0800] "DELETE /zlwosrxnvhcd HTTP/1.1" 404 30980 "-" "Mozilla/4.0 (compatible; MSIE 6.0; Windows NT 5.1;Alibaba.Security.Heimdall.5448812.elasticsearch_unauthorized)"
140.205.225.187 - - [23/Apr/2017:15:46:15 +0800] "GET /jobs/ HTTP/1.1" 404 31230 "http://47.93.49.112/" "Mozilla/4.0 (compatible; MSIE 6.0; Windows NT 5.1;Alibaba.Security.Heimdall.5448812)"
140.205.225.187 - - [23/Apr/2017:15:50:13 +0800] "GET / HTTP/1.1" 200 47866 "http://47.93.49.112/" "Mozilla/4.0 (compatible; MSIE 6.0; Windows NT 5.1;Alibaba.Security.Heimdall.5448812)"
140.205.225.187 - - [23/Apr/2017:15:50:21 +0800] "POST / HTTP/1.1" 200 47866 "-" "Mozilla/4.0 (compatible; MSIE 6.0; Windows NT 5.1;Alibaba.Security.Heimdall.5448812.struts-s2-046)"
140.205.225.187 - - [23/Apr/2017:15:50:27 +0800] "GET /phpmyadmin/index.php HTTP/1.1" 404 27 "http://47.93.49.112:80/phpmyadmin/index.php" "Mozilla/4.0 (compatible; MSIE 6.0; Windows NT 5.1;Alibaba.Security.Heimdall.5448812.p)"
140.205.225.187 - - [23/Apr/2017:15:50:27 +0800] "GET /phpMyAdmin/index.php HTTP/1.1" 404 27 "http://47.93.49.112:80/phpMyAdmin/index.php" "Mozilla/4.0 (compatible; MSIE 6.0; Windows NT 5.1;Alibaba.Security.Heimdall.5448812.p)"
140.205.225.187 - - [23/Apr/2017:15:50:27 +0800] "GET /pma/index.php HTTP/1.1" 404 27 "http://47.93.49.112:80/pma/index.php" "Mozilla/4.0 (compatible; MSIE 6.0; Windows NT 5.1;Alibaba.Security.Heimdall.5448812.p)"
140.205.225.187 - - [23/Apr/2017:15:50:27 +0800] "GET /pmd/index.php HTTP/1.1" 404 27 "http://47.93.49.112:80/pmd/index.php" "Mozilla/4.0 (compatible; MSIE 6.0; Windows NT 5.1;Alibaba.Security.Heimdall.5448812.p)"
140.205.225.187 - - [23/Apr/2017:15:50:30 +0800] "GET / HTTP/1.1" 200 47866 "http://47.93.49.112/" "Mozilla/4.0 (compatible; MSIE 6.0; Windows NT 5.1;Alibaba.Security.Heimdall.5448812)"
140.205.225.187 - - [23/Apr/2017:15:50:35 +0800] "GET / HTTP/1.1" 200 47866 "http://47.93.49.112/" "Mozilla/4.0 (compatible; MSIE 6.0; Windows NT 5.1;Alibaba.Security.Heimdall.5448812)"
140.205.225.187 - - [23/Apr/2017:15:50:48 +0800] "GET /phpmyadmin/index.php HTTP/1.1" 404 27 "http://47.93.49.112:80/phpmyadmin/index.php" "Mozilla/4.0 (compatible; MSIE 6.0; Windows NT 5.1;Alibaba.Security.Heimdall.5448812.p)"
140.205.225.187 - - [23/Apr/2017:15:50:48 +0800] "GET /phpMyAdmin/index.php HTTP/1.1" 404 27 "http://47.93.49.112:80/phpMyAdmin/index.php" "Mozilla/4.0 (compatible; MSIE 6.0; Windows NT 5.1;Alibaba.Security.Heimdall.5448812.p)"
140.205.225.187 - - [23/Apr/2017:15:50:48 +0800] "GET /pma/index.php HTTP/1.1" 404 27 "http://47.93.49.112:80/pma/index.php" "Mozilla/4.0 (compatible; MSIE 6.0; Windows NT 5.1;Alibaba.Security.Heimdall.5448812.p)"
